// Jest Snapshot v1, https://goo.gl/fbAQLP

exports[`Countries component test Countries snapshot 1`] = `
Object {
  "asFragment": [Function],
  "baseElement": <body>
    <div>
      <a
        class="country-card grow pointer flex flex-column justify-center items-center"
        href="/url"
        style="min-height: 25vh;"
      >
        <div
          style="color: rgb(255, 255, 255); position: absolute; right: 0px;"
          to="url"
        >
          <svg
            fill="currentColor"
            height="1em"
            stroke="currentColor"
            stroke-width="0"
            viewBox="0 0 512 512"
            width="1em"
            xmlns="http://www.w3.org/2000/svg"
          >
            <path
              d="M48 256c0 114.9 93.1 208 208 208s208-93.1 208-208S370.9 48 256 48 48 141.1 48 256zm244.5 0l-81.9-81.1c-7.5-7.5-7.5-19.8 0-27.3s19.8-7.5 27.3 0l95.4 95.7c7.3 7.3 7.5 19.1.6 26.6l-94 94.3c-3.8 3.8-8.7 5.7-13.7 5.7-4.9 0-9.9-1.9-13.6-5.6-7.5-7.5-7.6-19.7 0-27.3l79.9-81z"
            />
          </svg>
        </div>
        <div
          class="cover"
          loading="lazy"
          style="width: 10rem; height: 50%; background-image: url(undefined); opacity: 0.2;"
        />
        <p
          class="pr3 white f4 b"
          style="font-size: 1.3rem; color: aliceblue; text-align: center;"
        >
          country 1
        </p>
        <p
          class="db pr3 white f5 b"
          style="font-size: 1rem; color: azure; text-align: center;"
        >
          Total:
           100
        </p>
        <p
          class="db pr3 white f5 b"
          style="font-size: 1rem; color: azure; text-align: center;"
        >
          New Cases:
           50
        </p>
      </a>
    </div>
    <div>
      <h2
        class="white f6 tracked fw3 pa2"
        style="background: rgb(220, 59, 79); padding: 7px; color: silver; text-align: center;"
      >
        STATS BY COUNTRY
      </h2>
      <main
        id="countries-container"
      >
        <p
          style="font-size: 1.5rem; color: silver; margin: 2rem auto; text-align: center;"
        >
          No Matching Results
        </p>
      </main>
    </div>
  </body>,
  "container": <div>
    <h2
      class="white f6 tracked fw3 pa2"
      style="background: rgb(220, 59, 79); padding: 7px; color: silver; text-align: center;"
    >
      STATS BY COUNTRY
    </h2>
    <main
      id="countries-container"
    >
      <p
        style="font-size: 1.5rem; color: silver; margin: 2rem auto; text-align: center;"
      >
        No Matching Results
      </p>
    </main>
  </div>,
  "debug": [Function],
  "findAllByAltText": [Function],
  "findAllByDisplayValue": [Function],
  "findAllByLabelText": [Function],
  "findAllByPlaceholderText": [Function],
  "findAllByRole": [Function],
  "findAllByTestId": [Function],
  "findAllByText": [Function],
  "findAllByTitle": [Function],
  "findByAltText": [Function],
  "findByDisplayValue": [Function],
  "findByLabelText": [Function],
  "findByPlaceholderText": [Function],
  "findByRole": [Function],
  "findByTestId": [Function],
  "findByText": [Function],
  "findByTitle": [Function],
  "getAllByAltText": [Function],
  "getAllByDisplayValue": [Function],
  "getAllByLabelText": [Function],
  "getAllByPlaceholderText": [Function],
  "getAllByRole": [Function],
  "getAllByTestId": [Function],
  "getAllByText": [Function],
  "getAllByTitle": [Function],
  "getByAltText": [Function],
  "getByDisplayValue": [Function],
  "getByLabelText": [Function],
  "getByPlaceholderText": [Function],
  "getByRole": [Function],
  "getByTestId": [Function],
  "getByText": [Function],
  "getByTitle": [Function],
  "queryAllByAltText": [Function],
  "queryAllByDisplayValue": [Function],
  "queryAllByLabelText": [Function],
  "queryAllByPlaceholderText": [Function],
  "queryAllByRole": [Function],
  "queryAllByTestId": [Function],
  "queryAllByText": [Function],
  "queryAllByTitle": [Function],
  "queryByAltText": [Function],
  "queryByDisplayValue": [Function],
  "queryByLabelText": [Function],
  "queryByPlaceholderText": [Function],
  "queryByRole": [Function],
  "queryByTestId": [Function],
  "queryByText": [Function],
  "queryByTitle": [Function],
  "rerender": [Function],
  "unmount": [Function],
}
`;
